
> manga-app@0.1.0 build
> next build

node.exe : ΓÜá Warning: Next.js 
inferred your workspace root, but it 
may not be correct.
At C:\Program 
Files\nodejs\npm.ps1:29 char:3
+   & $NODE_EXE $NPM_CLI_JS $args
+   ~~~~~~~~~~~~~~~~~~~~~~~~~~~~~
    + CategoryInfo          : NotSpe 
   cified: (ΓÜá Warning: Ne...not b  
  e correct.:String) [], RemoteExc   
 eption
    + FullyQualifiedErrorId : Native 
   CommandError
 
 We detected multiple lockfiles and 
selected the directory of 
C:\Users\97798\package-lock.json as 
the root directory.
 To silence this warning, set 
`turbopack.root` in your Next.js 
config, or consider removing one of 
the lockfiles if it's not needed.
   See https://nextjs.org/docs/app/ap
i-reference/config/next-config-js/tur
bopack#root-directory for more 
information.
 Detected additional lockfiles: 
   * C:\Users\97798\OneDrive\Desktop\
Nobel_To_Manage_Maker\package-lock.js
on

Γû▓ Next.js 16.1.6 (Turbopack)
- Environments: .env.local

ΓÜá The "middleware" file convention 
is deprecated. Please use "proxy" 
instead. Learn more: https://nextjs.o
rg/docs/messages/middleware-to-proxy
  Creating an optimized production build ...
Found 1 warning while optimizing 
generated CSS:

[2mΓöé   }[22m
[2mΓöé }[22m
[2mΓöé[22m @import url('https://fon
ts.googleapis.com/css2?family=Bangers
&family=Inter:wght@300;400;500;600;70
0;800&display=swap');
[2mΓöå[22m        
[33m[2m^--[22m @import rules must 
precede all rules aside from 
@charset and @layer statements[39m
[2mΓöå[22m
[2mΓöé :root {[22m
[2mΓöé   --background: #09090b;[22m

Γ£ô Compiled successfully in 12.4s
  Running TypeScript ...
  Collecting page data using 7 workers ...
  Generating static pages using 7 workers (0/6) ...
  Generating static pages using 7 workers (1/6) 
  Generating static pages using 7 workers (2/6) 
  Generating static pages using 7 workers (4/6) 
Γ£ô Generating static pages using 7 workers (6/6) in 674.5ms
  Finalizing page optimization ...

Route (app)
Γöî Γùï /
Γö£ Γùï /_not-found
Γö£ ╞Æ /api/generate-story
Γö£ Γùï /dashboard
Γöö ╞Æ /editor/[projectId]


╞Æ Proxy (Middleware)

Γùï  (Static)   prerendered as static content
╞Æ  (Dynamic)  server-rendered on demand

